// Jest Snapshot v1, https://goo.gl/fbAQLP

exports[`development mode 1`] = `
"(function(modules) {
  // The module cache
  var installedModules = {};

  // The require function
  function __fastpack_require__(moduleId) {

    // Check if module is in cache
    if(installedModules[moduleId]) {
      return installedModules[moduleId].exports;
    }
    // Create a new module (and put it into the cache)
    var module = installedModules[moduleId] = {
      id: moduleId,
      l: false,
      exports: {}
    };

    // Execute the module function
    modules[moduleId].call(
      module.exports,
      module,
      module.exports,
      __fastpack_require__,
      __fastpack_import__
    );

    // Flag the module as loaded
    module.l = true;

    // Return the exports of the module
    return module.exports;
  }

  function __fastpack_import__(moduleId) {
    return new Promise((resolve, reject) => {
      try {
        resolve(__fastpack_require__(moduleId));
      } catch (e) {
        reject(e);
      }
    });
  }

  // expose the modules object
  __fastpack_require__.m = modules;

  // expose the module cache
  __fastpack_require__.c = installedModules;

  return __fastpack_require__(__fastpack_require__.s = 'browser');
})
({
\\"browser\\": function(module, exports, __fastpack_require__, __fastpack_import__) {
console.log(\\"BROWSER, OK!\\");
},

});
"
`;

exports[`production mode 1`] = `
"(function() {

/* browser */

let $n__browser = { id: \\"browser\\", exports: {}};
console.log(\\"BROWSER, OK!\\");

try{$n__browser.exports.__esModule = $n__browser.exports.__esModule || false;}catch(_){}
})()
"
`;
