
Working Directory: /.../test/pack-target
Entry Point: index.js
Mode: production
Call Stack: (empty)
Processing File: index.js

EcmaScript6 target is not supported for the regular packer - use flat
