
Working Directory: /.../test/error-scope-naming-collision
Entry Point: index.js
Mode: production
Call Stack: (empty)
Processing Module: index.js

Naming Collision: name 'a' at (3:4) - (3:5) is already defined at (1:4) - (1:5)
