
Working Directory: /.../test/error-scope-previously-undefined-export
Entry Point: index.js
Mode: production
Call Stack: (empty)
Processing Module: index.js

Cannot export previously undefined name 'a'
