
Working Directory: /.../test/error-cannot-resolve-modules
Entry Point: index.js
Mode: production
Call Stack: (empty)
Processing Module: index.js

Cannot resolve module:
	/.../test/error-cannot-resolve-modules/c
While processing dependency request:
	'./c' from module: index.js
