
Working Directory: /.../test/error-parse
Entry Point: index.js
Mode: production
Call Stack:
	'./a' from file: index.js
Processing Module: a.js

Parse Error
File: a.js
	(1:15) - (1:16): Unexpected token ;
